HTTP server listening on <ServerUri>
To stop the server, execute a GET request to <ServerUri>/STOP
GET /api/0/ HTTP/1.1
GET /api/0/organizations/org/chunk-upload/ HTTP/1.1
POST /api/0/projects/org/project/files/difs/assemble/ HTTP/1.1
     Sentry.pdb
POST /api/0/projects/org/project/reprocessing/ HTTP/1.1
GET /api/0/ HTTP/1.1
GET /api/0/organizations/org/chunk-upload/ HTTP/1.1
POST /api/0/projects/org/project/files/difs/assemble/ HTTP/1.1
     Sentry.Extensions.Logging.pdb
POST /api/0/projects/org/project/reprocessing/ HTTP/1.1
GET /api/0/ HTTP/1.1
GET /api/0/organizations/org/chunk-upload/ HTTP/1.1
POST /api/0/projects/org/project/files/difs/assemble/ HTTP/1.1
     temp.pdb
     Sentry.Bindings.Cocoa.pdb
     temp.pdb
POST /api/0/projects/org/project/reprocessing/ HTTP/1.1
GET /api/0/ HTTP/1.1
GET /api/0/organizations/org/chunk-upload/ HTTP/1.1
POST /api/0/projects/org/project/files/difs/assemble/ HTTP/1.1
     Sentry.pdb
POST /api/0/projects/org/project/reprocessing/ HTTP/1.1
GET /api/0/ HTTP/1.1
GET /api/0/organizations/org/chunk-upload/ HTTP/1.1
POST /api/0/projects/org/project/files/difs/assemble/ HTTP/1.1
     Sentry.Android.AssemblyReader.pdb
POST /api/0/projects/org/project/reprocessing/ HTTP/1.1
GET /api/0/ HTTP/1.1
GET /api/0/organizations/org/chunk-upload/ HTTP/1.1
POST /api/0/projects/org/project/files/difs/assemble/ HTTP/1.1
     temp.pdb
     Sentry.Bindings.Cocoa.pdb
     temp.pdb
POST /api/0/projects/org/project/reprocessing/ HTTP/1.1
GET /api/0/ HTTP/1.1
GET /api/0/organizations/org/chunk-upload/ HTTP/1.1
POST /api/0/projects/org/project/files/difs/assemble/ HTTP/1.1
     Sentry.Maui.pdb
POST /api/0/projects/org/project/reprocessing/ HTTP/1.1
GET /api/0/ HTTP/1.1
GET /api/0/organizations/org/chunk-upload/ HTTP/1.1
POST /api/0/projects/org/project/files/difs/assemble/ HTTP/1.1
     Sentry.Bindings.Android.pdb
POST /api/0/projects/org/project/reprocessing/ HTTP/1.1
GET /api/0/ HTTP/1.1
GET /api/0/organizations/org/chunk-upload/ HTTP/1.1
POST /api/0/projects/org/project/files/difs/assemble/ HTTP/1.1
     libsentrysupplemental.so
     libsentry-android.so
     libsentry-android.so
     libsentry-android.so
     libsentry-android.so
     libsentry.so
     libsentrysupplemental.so
     libsentry.so
     libsentrysupplemental.so
     libsentry.so
     libsentry.so
     libsentrysupplemental.so
     Sentry.pdb
     libsentrysupplemental.so
     libsentrysupplemental.so
     libsentrysupplemental.so
     libsentrysupplemental.so
POST /api/0/projects/org/project/reprocessing/ HTTP/1.1
GET /api/0/ HTTP/1.1
GET /api/0/organizations/org/chunk-upload/ HTTP/1.1
POST /api/0/projects/org/project/files/difs/assemble/ HTTP/1.1
     Sentry
     libmonosgen-2.0.dylib
     Sentry
     Sentry
     Microsoft.Maui.Graphics.pdb
     Microsoft.Maui.Controls.pdb
     Sentry.Samples.Maui
     Sentry.Samples.Maui.pdb
     libSystem.Security.Cryptography.Native.Apple.dylib
     Sentry.Bindings.Cocoa.pdb
     libSystem.IO.Compression.Native.dylib
     Microsoft.Maui.Essentials.pdb
     Sentry
     Sentry
     Sentry
     Microsoft.MacCatalyst.pdb
     Sentry.pdb
     libSystem.Native.dylib
     libSystem.Net.Security.Native.dylib
     Sentry
     libxamarin-dotnet.dylib
     Sentry.Extensions.Logging.pdb
     Sentry.Maui.pdb
     Microsoft.Maui.pdb
     Microsoft.Maui.Controls.Xaml.pdb
POST /api/0/projects/org/project/reprocessing/ HTTP/1.1
GET /api/0/ HTTP/1.1
GET /api/0/organizations/org/chunk-upload/ HTTP/1.1
POST /api/0/projects/org/project/files/difs/assemble/ HTTP/1.1
     Sentry.pdb
POST /api/0/projects/org/project/reprocessing/ HTTP/1.1
GET /api/0/ HTTP/1.1
GET /api/0/organizations/org/chunk-upload/ HTTP/1.1
POST /api/0/projects/org/project/files/difs/assemble/ HTTP/1.1
     libsentry-android.so
     libsentrysupplemental.so
     libsentry.so
     libsentrysupplemental.so
     libsentrysupplemental.so
     libsentrysupplemental.so
     Sentry.Maui.pdb
     libsentry-android.so
     libsentrysupplemental.so
     libsentrysupplemental.so
     libsentry.so
     libsentry.so
     libsentry.so
     libsentry-android.so
     libsentry-android.so
     libsentrysupplemental.so
     libsentrysupplemental.so
POST /api/0/projects/org/project/reprocessing/ HTTP/1.1
GET /api/0/ HTTP/1.1
GET /api/0/organizations/org/chunk-upload/ HTTP/1.1
POST /api/0/projects/org/project/files/difs/assemble/ HTTP/1.1
     Sentry.Maui.pdb
POST /api/0/projects/org/project/reprocessing/ HTTP/1.1
GET /api/0/ HTTP/1.1
GET /api/0/organizations/org/chunk-upload/ HTTP/1.1
POST /api/0/projects/org/project/files/difs/assemble/ HTTP/1.1
     Microsoft.Maui.Controls.Xaml.pdb
     Microsoft.iOS.pdb
     Microsoft.Maui.Controls.Compatibility.pdb
     Microsoft.Maui.Essentials.pdb
     Sentry.Samples.Maui
     libSystem.Security.Cryptography.Native.Apple.dylib
     libSystem.IO.Compression.Native.dylib
     libSystem.Native.dylib
     libmono-component-diagnostics_tracing.dylib
     Microsoft.Maui.pdb
     Microsoft.Maui.Controls.pdb
     Microsoft.Maui.Graphics.pdb
     Sentry.pdb
     Sentry.Bindings.Cocoa.pdb
     libmono-component-debugger.dylib
     libSystem.Net.Security.Native.dylib
     Sentry.Maui.pdb
     Sentry.Samples.Maui.pdb
     libxamarin-dotnet.dylib
     libmono-component-hot_reload.dylib
     Sentry.Extensions.Logging.pdb
     libmonosgen-2.0.dylib
POST /api/0/projects/org/project/reprocessing/ HTTP/1.1
GET /api/0/ HTTP/1.1
GET /api/0/ HTTP/1.1
GET /api/0/organizations/org/chunk-upload/ HTTP/1.1
POST /api/0/projects/org/project/files/difs/assemble/ HTTP/1.1
     Sentry.pdb
POST /api/0/projects/org/project/reprocessing/ HTTP/1.1
GET /api/0/organizations/org/chunk-upload/ HTTP/1.1
POST /api/0/projects/org/project/files/difs/assemble/ HTTP/1.1
     Sentry.Bindings.Android.pdb
POST /api/0/projects/org/project/reprocessing/ HTTP/1.1
GET /api/0/ HTTP/1.1
GET /api/0/ HTTP/1.1
GET /api/0/organizations/org/chunk-upload/ HTTP/1.1
POST /api/0/projects/org/project/files/difs/assemble/ HTTP/1.1
     Sentry.Extensions.Logging.pdb
POST /api/0/projects/org/project/reprocessing/ HTTP/1.1
GET /api/0/organizations/org/chunk-upload/ HTTP/1.1
POST /api/0/projects/org/project/files/difs/assemble/ HTTP/1.1
     Sentry.Android.AssemblyReader.pdb
POST /api/0/projects/org/project/reprocessing/ HTTP/1.1
GET /api/0/ HTTP/1.1
GET /api/0/organizations/org/chunk-upload/ HTTP/1.1
POST /api/0/projects/org/project/files/difs/assemble/ HTTP/1.1
     libsentrysupplemental.so
     Sentry.pdb
     libsentrysupplemental.so
     libsentry-android.so
     libsentrysupplemental.so
     libsentrysupplemental.so
     libsentry.so
     libsentrysupplemental.so
     libsentry-android.so
     libsentry-android.so
     libsentrysupplemental.so
     libsentry.so
     libsentry-android.so
     libsentry.so
     libsentrysupplemental.so
     libsentrysupplemental.so
     libsentry.so
POST /api/0/projects/org/project/reprocessing/ HTTP/1.1
GET /api/0/ HTTP/1.1
GET /api/0/organizations/org/chunk-upload/ HTTP/1.1
POST /api/0/projects/org/project/files/difs/assemble/ HTTP/1.1
     libsentry-android.so
     libsentrysupplemental.so
     libsentrysupplemental.so
     libsentrysupplemental.so
     libsentry-android.so
     libsentrysupplemental.so
     libsentrysupplemental.so
     libsentry.so
     libsentry-android.so
     libsentrysupplemental.so
     libsentry.so
     libsentry.so
     libsentrysupplemental.so
     libsentry-android.so
     libsentrysupplemental.so
     Sentry.Maui.pdb
     libsentry.so
POST /api/0/projects/org/project/reprocessing/ HTTP/1.1
GET /api/0/ HTTP/1.1
GET /api/0/organizations/org/chunk-upload/ HTTP/1.1
POST /api/0/projects/org/project/files/difs/assemble/ HTTP/1.1
     Microsoft.Extensions.DependencyInjection.Abstractions.dll.so
     libaot-Xamarin.AndroidX.AppCompat.dll.so
     libaot-Xamarin.AndroidX.RecyclerView.dll.so
     libaot-System.Xml.ReaderWriter.dll.so
     libaot-Xamarin.AndroidX.Activity.dll.so
     System.Net.Requests.dll.so
     libaot-Xamarin.AndroidX.Navigation.Common.dll.so
     libaot-Xamarin.AndroidX.CoordinatorLayout.dll.so
     libaot-Microsoft.Extensions.Options.dll.so
     libaot-Xamarin.AndroidX.Activity.dll.so
     libaot-System.Collections.dll.so
     Xamarin.Google.Android.Material.dll.so
     System.Security.Cryptography.Primitives.dll.so
     libaot-System.Runtime.InteropServices.RuntimeInformation.dll.so
     libaot-System.Collections.Concurrent.dll.so
     libaot-System.IO.FileSystem.DriveInfo.dll.so
     Xamarin.AndroidX.AppCompat.dll.so
     libaot-Sentry.Android.AssemblyReader.dll.so
     libaot-Microsoft.Maui.Essentials.dll.so
     libaot-System.ObjectModel.dll.so
     libaot-System.ObjectModel.dll.so
     libaot-Microsoft.Maui.Controls.dll.so
     libaot-Microsoft.Extensions.DependencyInjection.Abstractions.dll.so
     libaot-System.Runtime.Serialization.Primitives.dll.so
     libaot-System.Collections.Specialized.dll.so
     Microsoft.Maui.Graphics.dll.so
     libsentry.so
     System.Xml.ReaderWriter.dll.so
     libaot-System.Net.Requests.dll.so
     System.Net.Security.dll.so
     System.Text.Encodings.Web.dll.so
     libaot-Microsoft.Extensions.Http.dll.so
     libaot-Sentry.Android.AssemblyReader.dll.so
     libaot-Sentry.Bindings.Android.dll.so
     System.ComponentModel.TypeConverter.dll.so
     libaot-System.Net.Primitives.dll.so
     libaot-Xamarin.AndroidX.SwipeRefreshLayout.dll.so
     libaot-System.Linq.Expressions.dll.so
     libaot-Sentry.Samples.Maui.dll.so
     libaot-System.Private.Xml.dll.so
     libSystem.Native.so
     System.Numerics.Vectors.dll.so
     libSystem.IO.Compression.Native.so
     libaot-System.ComponentModel.TypeConverter.dll.so
     K4os.Compression.LZ4.dll.so
     System.IO.Compression.dll.so
     libaot-Xamarin.Kotlin.StdLib.dll.so
     System.Diagnostics.DiagnosticSource.dll.so
     System.Collections.Immutable.dll.so
     libaot-System.Memory.dll.so
     libsentry.so
     System.Net.WebProxy.dll.so
     libaot-System.ComponentModel.Primitives.dll.so
     Microsoft.Extensions.Configuration.Binder.dll.so
     System.ComponentModel.dll.so
     libaot-System.Reflection.Metadata.dll.so
     libaot-System.Security.Cryptography.Algorithms.dll.so
     libaot-System.Diagnostics.StackTrace.dll.so
     Mono.Android.dll.so
     libaot-Microsoft.Maui.Controls.dll.so
     libaot-System.ComponentModel.dll.so
     System.Net.Primitives.dll.so
     libaot-System.Console.dll.so
     libaot-Xamarin.KotlinX.Coroutines.Core.Jvm.dll.so
     libaot-Xamarin.AndroidX.AppCompat.AppCompatResources.dll.so
     libaot-System.Diagnostics.DiagnosticSource.dll.so
     libaot-System.Runtime.InteropServices.dll.so
     libaot-Xamarin.AndroidX.Core.dll.so
     libaot-System.dll.so
     libaot-System.Net.Security.dll.so
     libsentry.so
     libaot-Microsoft.Maui.dll.so
     libaot-System.Diagnostics.TraceSource.dll.so
     Xamarin.AndroidX.Navigation.Common.dll.so
     libaot-System.Memory.dll.so
     libaot-Microsoft.Extensions.Options.ConfigurationExtensions.dll.so
     libaot-Xamarin.AndroidX.Lifecycle.Common.dll.so
     libaot-Sentry.Maui.dll.so
     libaot-System.Collections.Specialized.dll.so
     libaot-System.dll.so
     libaot-Xamarin.AndroidX.CustomView.dll.so
     libaot-System.Reflection.Metadata.dll.so
     libaot-Xamarin.AndroidX.ViewPager2.dll.so
     libaot-System.Diagnostics.TraceSource.dll.so
     libaot-System.Private.Uri.dll.so
     Microsoft.Maui.dll.so
     libaot-Microsoft.Maui.Graphics.dll.so
     libaot-Xamarin.AndroidX.CustomView.dll.so
     libaot-System.Collections.Immutable.dll.so
     libaot-Sentry.Samples.Maui.dll.so
     libaot-Xamarin.AndroidX.CoordinatorLayout.dll.so
     libaot-Microsoft.Extensions.Primitives.dll.so
     libaot-Xamarin.AndroidX.Lifecycle.ViewModel.dll.so
     libaot-System.ComponentModel.dll.so
     Xamarin.KotlinX.Coroutines.Core.Jvm.dll.so
     System.Linq.dll.so
     libaot-System.Diagnostics.StackTrace.dll.so
     libSystem.Native.so
     libaot-Xamarin.Kotlin.StdLib.dll.so
     libaot-System.Text.RegularExpressions.dll.so
     libaot-Microsoft.Extensions.Logging.Abstractions.dll.so
     libaot-System.Reflection.Metadata.dll.so
     libaot-System.Text.RegularExpressions.dll.so
     libSystem.Security.Cryptography.Native.Android.so
     System.Private.Xml.dll.so
     libaot-System.Net.Requests.dll.so
     libaot-Xamarin.AndroidX.AppCompat.AppCompatResources.dll.so
     System.dll.so
     libaot-System.IO.Compression.dll.so
     libsentrysupplemental.so
     libxamarin-app.so
     libmonosgen-2.0.so
     libaot-System.Text.Json.dll.so
     libaot-K4os.Compression.LZ4.dll.so
     System.Collections.dll.so
     libaot-Microsoft.Maui.Controls.Compatibility.dll.so
     libaot-System.ComponentModel.TypeConverter.dll.so
     libaot-Xamarin.AndroidX.ViewPager.dll.so
     System.Threading.ThreadPool.dll.so
     libaot-Xamarin.AndroidX.CoordinatorLayout.dll.so
     libxamarin-app.so
     libaot-Microsoft.Extensions.Logging.Abstractions.dll.so
     libSystem.Security.Cryptography.Native.Android.so
     libaot-System.Net.NetworkInformation.dll.so
     libaot-Xamarin.AndroidX.Navigation.Common.dll.so
     libaot-System.Net.Primitives.dll.so
     libaot-System.IO.Compression.dll.so
     Microsoft.Extensions.Options.dll.so
     libaot-Sentry.Extensions.Logging.dll.so
     System.Private.Uri.dll.so
     libaot-Xamarin.AndroidX.Lifecycle.LiveData.Core.dll.so
     libaot-Mono.Android.dll.so
     Xamarin.AndroidX.ViewPager.dll.so
     libaot-System.Net.WebProxy.dll.so
     libaot-Microsoft.Maui.Controls.Xaml.dll.so
     libaot-System.Security.Cryptography.Algorithms.dll.so
     libaot-System.Runtime.dll.so
     libsentrysupplemental.so
     Microsoft.Win32.Primitives.dll.so
     libaot-Sentry.Extensions.Logging.dll.so
     Xamarin.AndroidX.Lifecycle.LiveData.Core.dll.so
     System.Runtime.Serialization.Primitives.dll.so
     System.Runtime.InteropServices.dll.so
     libaot-Microsoft.Extensions.Configuration.dll.so
     libaot-System.Private.Uri.dll.so
     libaot-Sentry.Android.AssemblyReader.dll.so
     Sentry.Maui.dll.so
     Microsoft.Extensions.Http.dll.so
     Microsoft.Maui.Controls.dll.so
     Sentry.Extensions.Logging.dll.so
     libaot-Sentry.Samples.Maui.dll.so
     libaot-System.Security.Cryptography.Algorithms.dll.so
     Xamarin.AndroidX.CardView.dll.so
     libaot-System.Runtime.CompilerServices.Unsafe.dll.so
     System.Collections.NonGeneric.dll.so
     libaot-System.Linq.Expressions.dll.so
     libaot-Microsoft.Maui.Essentials.dll.so
     libaot-Xamarin.AndroidX.Navigation.UI.dll.so
     libaot-System.Collections.Immutable.dll.so
     libaot-Microsoft.Maui.Essentials.dll.so
     libaot-Microsoft.Extensions.DependencyInjection.Abstractions.dll.so
     libaot-Microsoft.Extensions.Configuration.Binder.dll.so
     Microsoft.Extensions.Logging.Abstractions.dll.so
     libaot-Xamarin.AndroidX.Navigation.Runtime.dll.so
     libaot-Microsoft.Extensions.DependencyInjection.dll.so
     libaot-Microsoft.Extensions.Logging.dll.so
     libaot-System.Text.Encodings.Web.dll.so
     libaot-System.Linq.dll.so
     libaot-System.Runtime.CompilerServices.Unsafe.dll.so
     libSystem.Native.so
     libaot-Microsoft.Maui.dll.so
     libaot-System.Net.Http.dll.so
     libaot-Microsoft.Extensions.Primitives.dll.so
     libaot-System.ComponentModel.dll.so
     libsentry-android.so
     libaot-Xamarin.AndroidX.RecyclerView.dll.so
     Xamarin.AndroidX.Loader.dll.so
     System.Linq.Expressions.dll.so
     libaot-Xamarin.AndroidX.Loader.dll.so
     libxamarin-app.so
     libaot-Xamarin.AndroidX.SavedState.dll.so
     System.Net.NetworkInformation.dll.so
     libaot-System.Net.Requests.dll.so
     libaot-Xamarin.AndroidX.DrawerLayout.dll.so
     libaot-Microsoft.Extensions.Logging.Configuration.dll.so
     libaot-Microsoft.Win32.Primitives.dll.so
     libaot-Xamarin.AndroidX.SwipeRefreshLayout.dll.so
     libaot-System.Collections.Immutable.dll.so
     libaot-Xamarin.AndroidX.Navigation.Runtime.dll.so
     libaot-Microsoft.Extensions.Logging.dll.so
     libaot-Java.Interop.dll.so
     libaot-System.Net.Http.dll.so
     libaot-System.Xml.ReaderWriter.dll.so
     libSystem.IO.Compression.Native.so
     libaot-Microsoft.Extensions.DependencyInjection.dll.so
     libaot-Xamarin.AndroidX.Core.dll.so
     libaot-System.Numerics.Vectors.dll.so
     Microsoft.Extensions.Configuration.Abstractions.dll.so
     libaot-Xamarin.Kotlin.StdLib.dll.so
     libsentry-android.so
     libaot-System.Reflection.Primitives.dll.so
     Sentry.Samples.Maui.pdb
     libsentrysupplemental.so
     libaot-Sentry.Maui.dll.so
     libaot-Microsoft.Extensions.Options.ConfigurationExtensions.dll.so
     libaot-System.IO.Compression.ZipFile.dll.so
     System.Reflection.Metadata.dll.so
     libaot-System.Threading.Thread.dll.so
     libaot-System.Text.Encodings.Web.dll.so
     libaot-System.Runtime.dll.so
     libaot-Xamarin.AndroidX.DrawerLayout.dll.so
     libaot-Xamarin.AndroidX.Lifecycle.ViewModelSavedState.dll.so
     libsentrysupplemental.so
     libaot-Microsoft.Extensions.Configuration.Abstractions.dll.so
     libaot-Microsoft.Extensions.Logging.Abstractions.dll.so
     libaot-System.Runtime.dll.so
     libaot-Sentry.dll.so
     libaot-System.Runtime.Serialization.Primitives.dll.so
     libaot-K4os.Compression.LZ4.dll.so
     System.IO.MemoryMappedFiles.dll.so
     libmonodroid.so
     libaot-Xamarin.AndroidX.Lifecycle.ViewModelSavedState.dll.so
     Microsoft.Maui.Controls.Compatibility.dll.so
     libaot-K4os.Compression.LZ4.dll.so
     libaot-Xamarin.AndroidX.Fragment.dll.so
     Microsoft.Extensions.Logging.Configuration.dll.so
     libaot-System.Net.Security.dll.so
     libaot-Xamarin.Google.Android.Material.dll.so
     libaot-Xamarin.AndroidX.Lifecycle.ViewModel.dll.so
     libaot-Microsoft.Extensions.Configuration.dll.so
     Xamarin.AndroidX.CursorAdapter.dll.so
     libaot-System.Net.Primitives.dll.so
     Xamarin.AndroidX.SavedState.dll.so
     libaot-System.Diagnostics.StackTrace.dll.so
     libaot-System.Linq.dll.so
     libaot-Xamarin.AndroidX.AppCompat.dll.so
     System.Collections.Specialized.dll.so
     libaot-Sentry.dll.so
     libsentry-android.so
     libaot-Microsoft.Extensions.Primitives.dll.so
     libaot-Xamarin.AndroidX.DrawerLayout.dll.so
     Sentry.Samples.Maui.pdb
     libaot-Xamarin.Google.Android.Material.dll.so
     libaot-Microsoft.Maui.Controls.Xaml.dll.so
     libaot-Microsoft.Extensions.Options.dll.so
     libaot-System.Reflection.Primitives.dll.so
     libaot-Microsoft.Maui.Graphics.dll.so
     libaot-System.ObjectModel.dll.so
     libaot-Mono.Android.dll.so
     libmonosgen-2.0.so
     libsentrysupplemental.so
     Xamarin.AndroidX.Lifecycle.ViewModelSavedState.dll.so
     libaot-Xamarin.AndroidX.Collection.dll.so
     libaot-Sentry.Extensions.Logging.dll.so
     Microsoft.Extensions.Primitives.dll.so
     libaot-System.Text.Json.dll.so
     libaot-Xamarin.AndroidX.SavedState.dll.so
     libaot-Xamarin.AndroidX.Lifecycle.LiveData.Core.dll.so
     libsentrysupplemental.so
     libaot-System.IO.MemoryMappedFiles.dll.so
     libaot-System.Threading.ThreadPool.dll.so
     libaot-Microsoft.Extensions.Configuration.dll.so
     libaot-Microsoft.Extensions.Http.dll.so
     libaot-Xamarin.AndroidX.Lifecycle.LiveData.Core.dll.so
     Microsoft.Extensions.Configuration.dll.so
     libaot-Xamarin.AndroidX.Lifecycle.ViewModelSavedState.dll.so
     libaot-Microsoft.Win32.Primitives.dll.so
     libaot-System.Collections.Specialized.dll.so
     Xamarin.AndroidX.RecyclerView.dll.so
     libaot-System.Private.CoreLib.dll.so
     libaot-System.Runtime.InteropServices.dll.so
     libaot-System.Collections.NonGeneric.dll.so
     libaot-Xamarin.AndroidX.Collection.dll.so
     libaot-Xamarin.AndroidX.Navigation.Fragment.dll.so
     System.Security.Cryptography.Algorithms.dll.so
     libaot-Xamarin.AndroidX.Loader.dll.so
     libaot-Mono.Android.dll.so
     libSystem.Security.Cryptography.Native.Android.so
     libaot-Xamarin.AndroidX.RecyclerView.dll.so
     libsentry.so
     Xamarin.AndroidX.Navigation.Fragment.dll.so
     libaot-Xamarin.AndroidX.CursorAdapter.dll.so
     libaot-Microsoft.Extensions.Configuration.Binder.dll.so
     libaot-System.Net.Security.dll.so
     System.Runtime.dll.so
     libmonodroid.so
     libaot-System.Threading.dll.so
     System.Private.CoreLib.dll.so
     Sentry.Android.AssemblyReader.dll.so
     libaot-System.Linq.dll.so
     libaot-Xamarin.AndroidX.Navigation.UI.dll.so
     libaot-System.Collections.Concurrent.dll.so
     System.ComponentModel.Primitives.dll.so
     libaot-System.IO.FileSystem.DriveInfo.dll.so
     libaot-Xamarin.AndroidX.Navigation.Common.dll.so
     libaot-Xamarin.AndroidX.Fragment.dll.so
     System.ObjectModel.dll.so
     libaot-Microsoft.Win32.Primitives.dll.so
     libaot-Xamarin.AndroidX.ViewPager.dll.so
     libaot-Xamarin.AndroidX.Activity.dll.so
     libaot-System.Collections.dll.so
     Xamarin.AndroidX.Navigation.Runtime.dll.so
     libaot-System.Threading.Thread.dll.so
     libaot-System.Console.dll.so
     libaot-System.Diagnostics.DiagnosticSource.dll.so
     libaot-Xamarin.KotlinX.Coroutines.Core.Jvm.dll.so
     Sentry.Bindings.Android.dll.so
     Sentry.Samples.Maui.dll.so
     libmonodroid.so
     Xamarin.AndroidX.ViewPager2.dll.so
     Sentry.dll.so
     libaot-Xamarin.AndroidX.CardView.dll.so
     Xamarin.AndroidX.Lifecycle.ViewModel.dll.so
     libaot-Xamarin.AndroidX.Navigation.Runtime.dll.so
     libaot-System.dll.so
     libaot-System.IO.Compression.ZipFile.dll.so
     libaot-Microsoft.Extensions.DependencyInjection.dll.so
     System.Threading.dll.so
     libaot-Xamarin.AndroidX.CardView.dll.so
     libsentrysupplemental.so
     libaot-System.Private.Xml.dll.so
     libaot-System.Runtime.InteropServices.RuntimeInformation.dll.so
     libaot-Microsoft.Extensions.Logging.Configuration.dll.so
     libmonodroid.so
     libSystem.IO.Compression.Native.so
     libaot-System.Diagnostics.TraceSource.dll.so
     libaot-Xamarin.AndroidX.ViewPager2.dll.so
     libaot-Sentry.Bindings.Android.dll.so
     libaot-Xamarin.AndroidX.Lifecycle.Common.dll.so
     libaot-System.Private.Uri.dll.so
     libaot-Xamarin.AndroidX.SavedState.dll.so
     libaot-Microsoft.Extensions.Configuration.Binder.dll.so
     libSystem.Native.so
     libaot-System.Security.Cryptography.Primitives.dll.so
     libaot-Xamarin.Google.Android.Material.dll.so
     libaot-Microsoft.Maui.Graphics.dll.so
     libaot-System.Security.Cryptography.Primitives.dll.so
     libaot-Microsoft.Maui.dll.so
     libsentrysupplemental.so
     libaot-System.IO.FileSystem.DriveInfo.dll.so
     Java.Interop.dll.so
     libaot-Xamarin.AndroidX.AppCompat.dll.so
     libaot-System.Text.Json.dll.so
     libaot-Xamarin.AndroidX.Navigation.Fragment.dll.so
     libaot-Xamarin.AndroidX.Lifecycle.ViewModel.dll.so
     libaot-Microsoft.Extensions.Configuration.Abstractions.dll.so
     Xamarin.AndroidX.Fragment.dll.so
     System.Console.dll.so
     System.Diagnostics.StackTrace.dll.so
     libaot-System.Linq.Expressions.dll.so
     libaot-Xamarin.AndroidX.SwipeRefreshLayout.dll.so
     libaot-System.Runtime.Serialization.Primitives.dll.so
     libaot-Xamarin.AndroidX.ViewPager2.dll.so
     Xamarin.AndroidX.CustomView.dll.so
     System.IO.FileSystem.DriveInfo.dll.so
     Xamarin.AndroidX.CoordinatorLayout.dll.so
     Xamarin.AndroidX.Collection.dll.so
     System.Text.Json.dll.so
     libaot-System.Runtime.InteropServices.dll.so
     libaot-Xamarin.AndroidX.AppCompat.AppCompatResources.dll.so
     libaot-System.Memory.dll.so
     libaot-System.Private.Xml.dll.so
     libaot-Xamarin.AndroidX.CursorAdapter.dll.so
     System.Runtime.InteropServices.RuntimeInformation.dll.so
     Xamarin.AndroidX.DrawerLayout.dll.so
     libaot-System.Collections.NonGeneric.dll.so
     Xamarin.AndroidX.SwipeRefreshLayout.dll.so
     Microsoft.Extensions.Logging.dll.so
     libmonosgen-2.0.so
     Xamarin.AndroidX.Navigation.UI.dll.so
     libaot-Xamarin.AndroidX.CursorAdapter.dll.so
     libaot-System.IO.MemoryMappedFiles.dll.so
     libaot-Xamarin.AndroidX.Core.dll.so
     System.Diagnostics.TraceSource.dll.so
     libaot-System.Security.Cryptography.Primitives.dll.so
     System.Memory.dll.so
     System.Net.Http.dll.so
     libaot-System.Collections.NonGeneric.dll.so
     libaot-Microsoft.Maui.Controls.Compatibility.dll.so
     libaot-System.Diagnostics.DiagnosticSource.dll.so
     libaot-Xamarin.AndroidX.ViewPager.dll.so
     libaot-System.ComponentModel.Primitives.dll.so
     libaot-System.Text.Encodings.Web.dll.so
     libaot-System.Net.NetworkInformation.dll.so
     libaot-Xamarin.AndroidX.Lifecycle.Common.dll.so
     libaot-System.Threading.Thread.dll.so
     libaot-Xamarin.AndroidX.Loader.dll.so
     System.IO.Compression.ZipFile.dll.so
     libaot-System.Collections.dll.so
     libaot-Microsoft.Maui.Controls.dll.so
     libaot-System.ComponentModel.Primitives.dll.so
     Microsoft.Maui.Essentials.dll.so
     libSystem.Security.Cryptography.Native.Android.so
     libaot-System.IO.Compression.dll.so
     libaot-Xamarin.AndroidX.Fragment.dll.so
     libSystem.IO.Compression.Native.so
     libaot-System.Collections.Concurrent.dll.so
     libaot-Sentry.Maui.dll.so
     libsentrysupplemental.so
     Microsoft.Extensions.DependencyInjection.dll.so
     Microsoft.Extensions.Options.ConfigurationExtensions.dll.so
     libaot-System.Reflection.Primitives.dll.so
     libaot-Java.Interop.dll.so
     libaot-Xamarin.KotlinX.Coroutines.Core.Jvm.dll.so
     libaot-Xamarin.AndroidX.CustomView.dll.so
     libaot-System.ComponentModel.TypeConverter.dll.so
     libaot-System.Net.Http.dll.so
     libaot-System.Net.WebProxy.dll.so
     libaot-Microsoft.Extensions.DependencyInjection.Abstractions.dll.so
     libaot-Xamarin.AndroidX.CardView.dll.so
     libaot-System.Numerics.Vectors.dll.so
     libaot-Microsoft.Maui.Controls.Xaml.dll.so
     libaot-System.Console.dll.so
     libaot-Microsoft.Extensions.Http.dll.so
     System.Threading.Thread.dll.so
     libaot-Microsoft.Maui.Controls.Compatibility.dll.so
     Xamarin.AndroidX.Activity.dll.so
     libaot-Microsoft.Extensions.Options.dll.so
     libaot-System.Threading.dll.so
     System.Runtime.CompilerServices.Unsafe.dll.so
     Xamarin.AndroidX.Lifecycle.Common.dll.so
     libaot-System.Text.RegularExpressions.dll.so
     libaot-Microsoft.Extensions.Logging.dll.so
     libaot-System.Net.WebProxy.dll.so
     libmonosgen-2.0.so
     libaot-System.Private.CoreLib.dll.so
     libaot-System.Xml.ReaderWriter.dll.so
     libxamarin-app.so
     libaot-Microsoft.Extensions.Configuration.Abstractions.dll.so
     System.Text.RegularExpressions.dll.so
     libsentrysupplemental.so
     libaot-System.IO.Compression.ZipFile.dll.so
     libaot-Xamarin.AndroidX.Navigation.Fragment.dll.so
     libaot-Xamarin.AndroidX.Collection.dll.so
     libaot-System.Runtime.CompilerServices.Unsafe.dll.so
     libaot-System.Threading.ThreadPool.dll.so
     libaot-System.Threading.ThreadPool.dll.so
     Xamarin.AndroidX.Core.dll.so
     libaot-System.Runtime.InteropServices.RuntimeInformation.dll.so
     System.Reflection.Primitives.dll.so
     libaot-Java.Interop.dll.so
     libaot-System.IO.MemoryMappedFiles.dll.so
     libaot-Sentry.Bindings.Android.dll.so
     libaot-Microsoft.Extensions.Logging.Configuration.dll.so
     libaot-System.Private.CoreLib.dll.so
     libaot-System.Threading.dll.so
     libaot-Microsoft.Extensions.Options.ConfigurationExtensions.dll.so
     libsentrysupplemental.so
     libaot-System.Net.NetworkInformation.dll.so
     System.Collections.Concurrent.dll.so
     Xamarin.AndroidX.AppCompat.AppCompatResources.dll.so
     libaot-System.Numerics.Vectors.dll.so
     Xamarin.Kotlin.StdLib.dll.so
     libaot-Xamarin.AndroidX.Navigation.UI.dll.so
     Microsoft.Maui.Controls.Xaml.dll.so
     libsentrysupplemental.so
     libsentry-android.so
     libaot-Sentry.dll.so
POST /api/0/projects/org/project/reprocessing/ HTTP/1.1
GET /STOP HTTP/1.1
HTTP server stopping!